[2025-12-20 12:40:47,438: INFO: main: >>>>>> stage Data Ingestion stage started <<<<<<]
[2025-12-20 12:40:47,440: INFO: common: yaml file: config\config.yaml loaded successfully]
[2025-12-20 12:40:47,451: INFO: common: yaml file: params.yaml loaded successfully]
[2025-12-20 12:40:47,451: ERROR: main: yaml file is empty]
Traceback (most recent call last):
  File "E:\deep learning\src\cnnClassifier\utils\common.py", line 33, in read_yaml
    return ConfigBox(content)
  File "box\box.py", line 247, in box.box.Box.__init__
box.exceptions.BoxValueError: Cannot extrapolate Box from string

During handling of the above exception, another exception occurred:

Traceback (most recent call last):
  File "E:\deep learning\main.py", line 10, in <module>
    obj.main()
  File "E:\deep learning\src\cnnClassifier\pipeline\stage_01_data_ingestion.py", line 14, in main
    config = ConfigurationManager()
  File "E:\deep learning\src\cnnClassifier\config\configuration.py", line 14, in __init__
    self.params = read_yaml(params_filepath)
  File "C:\Users\namit\anaconda3\envs\cancer\lib\site-packages\ensure\main.py", line 849, in __call__
    return_val = self.f(*args, **kwargs)
  File "E:\deep learning\src\cnnClassifier\utils\common.py", line 35, in read_yaml
    raise ValueError("yaml file is empty")
ValueError: yaml file is empty
[2025-12-20 12:44:49,008: INFO: main: >>>>>> stage Data Ingestion stage started <<<<<<]
[2025-12-20 12:44:49,010: INFO: common: yaml file: config\config.yaml loaded successfully]
[2025-12-20 12:44:49,012: INFO: common: yaml file: params.yaml loaded successfully]
[2025-12-20 12:44:49,023: INFO: common: created directory at: artifacts]
[2025-12-20 12:44:49,130: INFO: common: created directory at: artifacts/data_ingestion]
[2025-12-20 12:44:49,131: INFO: data_ingestion: Downloading data from https://drive.google.com/uc?id=1NzPljKM7uDBp9P1GR4rpL4-kp7hsn-ol into file artifacts/data_ingestion/data.zip]
[2025-12-20 12:44:49,713: ERROR: main: Failed to retrieve file url:

	Cannot retrieve the public link of the file. You may need to change
	the permission to 'Anyone with the link', or have had many accesses.
	Check FAQ in https://github.com/wkentaro/gdown?tab=readme-ov-file#faq.

You may still be able to access the file from the browser:

	https://drive.google.com/uc?/export=download&id=drive.google.com

but Gdown can't. Please check connections and permissions.]
Traceback (most recent call last):
  File "C:\Users\namit\anaconda3\envs\cancer\lib\site-packages\gdown\download.py", line 267, in download
    url = get_url_from_gdrive_confirmation(res.text)
  File "C:\Users\namit\anaconda3\envs\cancer\lib\site-packages\gdown\download.py", line 55, in get_url_from_gdrive_confirmation
    raise FileURLRetrievalError(
gdown.exceptions.FileURLRetrievalError: Cannot retrieve the public link of the file. You may need to change the permission to 'Anyone with the link', or have had many accesses. Check FAQ in https://github.com/wkentaro/gdown?tab=readme-ov-file#faq.

During handling of the above exception, another exception occurred:

Traceback (most recent call last):
  File "E:\deep learning\main.py", line 10, in <module>
    obj.main()
  File "E:\deep learning\src\cnnClassifier\pipeline\stage_01_data_ingestion.py", line 17, in main
    data_ingestion.download_file()
  File "E:\deep learning\src\cnnClassifier\components\data_ingestion.py", line 34, in download_file
    raise e
  File "E:\deep learning\src\cnnClassifier\components\data_ingestion.py", line 29, in download_file
    gdown.download(prefix+file_id,zip_download_dir)
  File "C:\Users\namit\anaconda3\envs\cancer\lib\site-packages\gdown\download.py", line 278, in download
    raise FileURLRetrievalError(message)
gdown.exceptions.FileURLRetrievalError: Failed to retrieve file url:

	Cannot retrieve the public link of the file. You may need to change
	the permission to 'Anyone with the link', or have had many accesses.
	Check FAQ in https://github.com/wkentaro/gdown?tab=readme-ov-file#faq.

You may still be able to access the file from the browser:

	https://drive.google.com/uc?/export=download&id=drive.google.com

but Gdown can't. Please check connections and permissions.
[2025-12-20 12:45:23,279: INFO: main: >>>>>> stage Data Ingestion stage started <<<<<<]
[2025-12-20 12:45:23,281: INFO: common: yaml file: config\config.yaml loaded successfully]
[2025-12-20 12:45:23,282: INFO: common: yaml file: params.yaml loaded successfully]
[2025-12-20 12:45:23,283: INFO: common: created directory at: artifacts]
[2025-12-20 12:45:23,283: INFO: common: created directory at: artifacts/data_ingestion]
[2025-12-20 12:45:23,284: INFO: data_ingestion: Downloading data from https://drive.google.com/uc?id=1NzPljKM7uDBp9P1GR4rpL4-kp7hsn-ol into file artifacts/data_ingestion/data.zip]
[2025-12-20 12:45:23,794: ERROR: main: Failed to retrieve file url:

	Cannot retrieve the public link of the file. You may need to change
	the permission to 'Anyone with the link', or have had many accesses.
	Check FAQ in https://github.com/wkentaro/gdown?tab=readme-ov-file#faq.

You may still be able to access the file from the browser:

	https://drive.google.com/uc?/export=download&id=drive.google.com

but Gdown can't. Please check connections and permissions.]
Traceback (most recent call last):
  File "C:\Users\namit\anaconda3\envs\cancer\lib\site-packages\gdown\download.py", line 267, in download
    url = get_url_from_gdrive_confirmation(res.text)
  File "C:\Users\namit\anaconda3\envs\cancer\lib\site-packages\gdown\download.py", line 55, in get_url_from_gdrive_confirmation
    raise FileURLRetrievalError(
gdown.exceptions.FileURLRetrievalError: Cannot retrieve the public link of the file. You may need to change the permission to 'Anyone with the link', or have had many accesses. Check FAQ in https://github.com/wkentaro/gdown?tab=readme-ov-file#faq.

During handling of the above exception, another exception occurred:

Traceback (most recent call last):
  File "E:\deep learning\main.py", line 10, in <module>
    obj.main()
  File "E:\deep learning\src\cnnClassifier\pipeline\stage_01_data_ingestion.py", line 17, in main
    data_ingestion.download_file()
  File "E:\deep learning\src\cnnClassifier\components\data_ingestion.py", line 34, in download_file
    raise e
  File "E:\deep learning\src\cnnClassifier\components\data_ingestion.py", line 29, in download_file
    gdown.download(prefix+file_id,zip_download_dir)
  File "C:\Users\namit\anaconda3\envs\cancer\lib\site-packages\gdown\download.py", line 278, in download
    raise FileURLRetrievalError(message)
gdown.exceptions.FileURLRetrievalError: Failed to retrieve file url:

	Cannot retrieve the public link of the file. You may need to change
	the permission to 'Anyone with the link', or have had many accesses.
	Check FAQ in https://github.com/wkentaro/gdown?tab=readme-ov-file#faq.

You may still be able to access the file from the browser:

	https://drive.google.com/uc?/export=download&id=drive.google.com

but Gdown can't. Please check connections and permissions.
[2025-12-20 12:49:34,974: INFO: main: >>>>>> stage Data Ingestion stage started <<<<<<]
[2025-12-20 12:49:34,975: INFO: common: yaml file: config\config.yaml loaded successfully]
[2025-12-20 12:49:34,978: INFO: common: yaml file: params.yaml loaded successfully]
[2025-12-20 12:49:34,978: INFO: common: created directory at: artifacts]
[2025-12-20 12:49:34,979: INFO: common: created directory at: artifacts/data_ingestion]
[2025-12-20 12:49:34,979: INFO: data_ingestion: Downloading data from https://drive.google.com/uc?id=1NzPljKM7uDBp9P1GR4rpL4-kp7hsn-ol into file artifacts/data_ingestion/data.zip]
[2025-12-20 12:49:46,796: INFO: data_ingestion: Downloaded data from https://drive.google.com/uc?id=1NzPljKM7uDBp9P1GR4rpL4-kp7hsn-ol into file artifacts/data_ingestion/data.zip]
[2025-12-20 12:49:48,912: INFO: main: >>>>>> stage Data Ingestion stage completed <<<<<<

x==========x]
[2025-12-20 16:06:58,994: INFO: main: >>>>>> stage Data Ingestion stage started <<<<<<]
[2025-12-20 16:06:58,998: INFO: common: yaml file: config\config.yaml loaded successfully]
[2025-12-20 16:06:59,000: INFO: common: yaml file: params.yaml loaded successfully]
[2025-12-20 16:06:59,000: INFO: common: created directory at: artifacts]
[2025-12-20 16:06:59,111: INFO: common: created directory at: artifacts/data_ingestion]
[2025-12-20 16:06:59,111: INFO: data_ingestion: Downloading data from https://drive.google.com/uc?id=1NzPljKM7uDBp9P1GR4rpL4-kp7hsn-ol into file artifacts/data_ingestion/data.zip]
[2025-12-20 16:07:11,143: INFO: data_ingestion: Downloaded data from https://drive.google.com/uc?id=1NzPljKM7uDBp9P1GR4rpL4-kp7hsn-ol into file artifacts/data_ingestion/data.zip]
[2025-12-20 16:07:14,198: INFO: main: >>>>>> stage Data Ingestion stage completed <<<<<<

x==========x]
[2025-12-20 16:07:14,198: INFO: main: *******************]
[2025-12-20 16:07:14,199: INFO: main: >>>>>> stage Prepare base model started <<<<<<]
[2025-12-20 16:07:14,200: INFO: common: yaml file: config\config.yaml loaded successfully]
[2025-12-20 16:07:14,202: INFO: common: yaml file: params.yaml loaded successfully]
[2025-12-20 16:07:14,202: INFO: common: created directory at: artifacts]
[2025-12-20 16:07:14,203: INFO: common: created directory at: artifacts/prepare_base_model]
[2025-12-20 16:07:19,551: WARNING: saving_utils: Compiled the loaded model, but the compiled metrics have yet to be built. `model.compile_metrics` will be empty until you train or evaluate the model.]
[2025-12-20 16:07:19,941: INFO: main: >>>>>> stage Prepare base model completed <<<<<<

x==========x]
[2025-12-21 00:00:58,429: INFO: main: >>>>>> stage Data Ingestion stage started <<<<<<]
[2025-12-21 00:00:58,466: INFO: common: yaml file: config\config.yaml loaded successfully]
[2025-12-21 00:00:58,477: INFO: common: yaml file: params.yaml loaded successfully]
[2025-12-21 00:00:58,480: INFO: common: created directory at: artifacts]
[2025-12-21 00:00:58,480: INFO: common: created directory at: artifacts/data_ingestion]
[2025-12-21 00:00:58,481: INFO: data_ingestion: Downloading data from https://drive.google.com/uc?id=1NzPljKM7uDBp9P1GR4rpL4-kp7hsn-ol into file artifacts/data_ingestion/data.zip]
[2025-12-21 00:01:09,974: INFO: data_ingestion: Downloaded data from https://drive.google.com/uc?id=1NzPljKM7uDBp9P1GR4rpL4-kp7hsn-ol into file artifacts/data_ingestion/data.zip]
[2025-12-21 00:01:12,493: INFO: main: >>>>>> stage Data Ingestion stage completed <<<<<<

x==========x]
[2025-12-21 00:01:12,493: INFO: main: *******************]
[2025-12-21 00:01:12,493: INFO: main: >>>>>> stage Prepare base model started <<<<<<]
[2025-12-21 00:01:12,496: INFO: common: yaml file: config\config.yaml loaded successfully]
[2025-12-21 00:01:12,498: INFO: common: yaml file: params.yaml loaded successfully]
[2025-12-21 00:01:12,498: INFO: common: created directory at: artifacts]
[2025-12-21 00:01:12,499: INFO: common: created directory at: artifacts/prepare_base_model]
[2025-12-21 00:01:13,119: WARNING: saving_utils: Compiled the loaded model, but the compiled metrics have yet to be built. `model.compile_metrics` will be empty until you train or evaluate the model.]
[2025-12-21 00:01:13,815: INFO: main: >>>>>> stage Prepare base model completed <<<<<<

x==========x]
[2025-12-21 00:01:13,815: INFO: main: *******************]
[2025-12-21 00:01:13,815: INFO: main: >>>>>> stage Training started <<<<<<]
[2025-12-21 00:01:13,817: INFO: common: yaml file: config\config.yaml loaded successfully]
[2025-12-21 00:01:13,819: INFO: common: yaml file: params.yaml loaded successfully]
[2025-12-21 00:01:13,820: INFO: common: created directory at: artifacts]
[2025-12-21 00:01:13,820: INFO: common: created directory at: artifacts\training]
[2025-12-21 00:01:14,165: ERROR: main: [WinError 3] The system cannot find the path specified: 'artifacts\\data_ingestion\\Chest-CT-Scan-data']
Traceback (most recent call last):
  File "E:\deep learning\main.py", line 37, in <module>
    model_trainer.main()
  File "E:\deep learning\src\cnnClassifier\pipeline\stage_03_model_trainer.py", line 20, in main
    training.train_valid_generator()
  File "E:\deep learning\src\cnnClassifier\components\model_trainer.py", line 38, in train_valid_generator
    self.valid_generator = valid_datagenerator.flow_from_directory(
  File "C:\Users\namit\anaconda3\envs\cancer\lib\site-packages\keras\preprocessing\image.py", line 1648, in flow_from_directory
    return DirectoryIterator(
  File "C:\Users\namit\anaconda3\envs\cancer\lib\site-packages\keras\preprocessing\image.py", line 563, in __init__
    for subdir in sorted(os.listdir(directory)):
FileNotFoundError: [WinError 3] The system cannot find the path specified: 'artifacts\\data_ingestion\\Chest-CT-Scan-data'
[2025-12-21 00:15:00,882: INFO: main: >>>>>> stage Data Ingestion stage started <<<<<<]
[2025-12-21 00:15:00,885: INFO: common: yaml file: config\config.yaml loaded successfully]
[2025-12-21 00:15:00,887: INFO: common: yaml file: params.yaml loaded successfully]
[2025-12-21 00:15:00,887: INFO: common: created directory at: artifacts]
[2025-12-21 00:15:00,888: INFO: common: created directory at: artifacts/data_ingestion]
[2025-12-21 00:15:00,888: INFO: data_ingestion: Downloading data from https://drive.google.com/uc?id=1NzPljKM7uDBp9P1GR4rpL4-kp7hsn-ol into file artifacts/data_ingestion/data.zip]
[2025-12-21 00:15:12,950: INFO: data_ingestion: Downloaded data from https://drive.google.com/uc?id=1NzPljKM7uDBp9P1GR4rpL4-kp7hsn-ol into file artifacts/data_ingestion/data.zip]
[2025-12-21 00:15:14,713: INFO: main: >>>>>> stage Data Ingestion stage completed <<<<<<

x==========x]
[2025-12-21 00:15:14,713: INFO: main: *******************]
[2025-12-21 00:15:14,714: INFO: main: >>>>>> stage Prepare base model started <<<<<<]
[2025-12-21 00:15:14,716: INFO: common: yaml file: config\config.yaml loaded successfully]
[2025-12-21 00:15:14,720: INFO: common: yaml file: params.yaml loaded successfully]
[2025-12-21 00:15:14,720: INFO: common: created directory at: artifacts]
[2025-12-21 00:15:14,721: INFO: common: created directory at: artifacts/prepare_base_model]
[2025-12-21 00:15:15,213: WARNING: saving_utils: Compiled the loaded model, but the compiled metrics have yet to be built. `model.compile_metrics` will be empty until you train or evaluate the model.]
[2025-12-21 00:15:15,564: INFO: main: >>>>>> stage Prepare base model completed <<<<<<

x==========x]
[2025-12-21 00:15:15,564: INFO: main: *******************]
[2025-12-21 00:15:15,564: INFO: main: >>>>>> stage Training started <<<<<<]
[2025-12-21 00:15:15,566: INFO: common: yaml file: config\config.yaml loaded successfully]
[2025-12-21 00:15:15,568: INFO: common: yaml file: params.yaml loaded successfully]
[2025-12-21 00:15:15,568: INFO: common: created directory at: artifacts]
[2025-12-21 00:15:15,569: INFO: common: created directory at: artifacts\training]
[2025-12-21 00:15:20,985: ERROR: main: Graph execution error:

Detected at node 'categorical_crossentropy/softmax_cross_entropy_with_logits' defined at (most recent call last):
    File "E:\deep learning\main.py", line 37, in <module>
      model_trainer.main()
    File "E:\deep learning\src\cnnClassifier\pipeline\stage_03_model_trainer.py", line 21, in main
      training.train()
    File "E:\deep learning\src\cnnClassifier\components\model_trainer.py", line 82, in train
      self.model.fit(
    File "C:\Users\namit\anaconda3\envs\cancer\lib\site-packages\keras\utils\traceback_utils.py", line 65, in error_handler
      return fn(*args, **kwargs)
    File "C:\Users\namit\anaconda3\envs\cancer\lib\site-packages\keras\engine\training.py", line 1685, in fit
      tmp_logs = self.train_function(iterator)
    File "C:\Users\namit\anaconda3\envs\cancer\lib\site-packages\keras\engine\training.py", line 1284, in train_function
      return step_function(self, iterator)
    File "C:\Users\namit\anaconda3\envs\cancer\lib\site-packages\keras\engine\training.py", line 1268, in step_function
      outputs = model.distribute_strategy.run(run_step, args=(data,))
    File "C:\Users\namit\anaconda3\envs\cancer\lib\site-packages\keras\engine\training.py", line 1249, in run_step
      outputs = model.train_step(data)
    File "C:\Users\namit\anaconda3\envs\cancer\lib\site-packages\keras\engine\training.py", line 1051, in train_step
      loss = self.compute_loss(x, y, y_pred, sample_weight)
    File "C:\Users\namit\anaconda3\envs\cancer\lib\site-packages\keras\engine\training.py", line 1109, in compute_loss
      return self.compiled_loss(
    File "C:\Users\namit\anaconda3\envs\cancer\lib\site-packages\keras\engine\compile_utils.py", line 265, in __call__
      loss_value = loss_obj(y_t, y_p, sample_weight=sw)
    File "C:\Users\namit\anaconda3\envs\cancer\lib\site-packages\keras\losses.py", line 142, in __call__
      losses = call_fn(y_true, y_pred)
    File "C:\Users\namit\anaconda3\envs\cancer\lib\site-packages\keras\losses.py", line 268, in call
      return ag_fn(y_true, y_pred, **self._fn_kwargs)
    File "C:\Users\namit\anaconda3\envs\cancer\lib\site-packages\keras\losses.py", line 1984, in categorical_crossentropy
      return backend.categorical_crossentropy(
    File "C:\Users\namit\anaconda3\envs\cancer\lib\site-packages\keras\backend.py", line 5565, in categorical_crossentropy
      return tf.nn.softmax_cross_entropy_with_logits(
Node: 'categorical_crossentropy/softmax_cross_entropy_with_logits'
logits and labels must be broadcastable: logits_size=[16,2] labels_size=[16,4]
	 [[{{node categorical_crossentropy/softmax_cross_entropy_with_logits}}]] [Op:__inference_train_function_1463]]
Traceback (most recent call last):
  File "E:\deep learning\main.py", line 37, in <module>
    model_trainer.main()
  File "E:\deep learning\src\cnnClassifier\pipeline\stage_03_model_trainer.py", line 21, in main
    training.train()
  File "E:\deep learning\src\cnnClassifier\components\model_trainer.py", line 82, in train
    self.model.fit(
  File "C:\Users\namit\anaconda3\envs\cancer\lib\site-packages\keras\utils\traceback_utils.py", line 70, in error_handler
    raise e.with_traceback(filtered_tb) from None
  File "C:\Users\namit\anaconda3\envs\cancer\lib\site-packages\tensorflow\python\eager\execute.py", line 52, in quick_execute
    tensors = pywrap_tfe.TFE_Py_Execute(ctx._handle, device_name, op_name,
tensorflow.python.framework.errors_impl.InvalidArgumentError: Graph execution error:

Detected at node 'categorical_crossentropy/softmax_cross_entropy_with_logits' defined at (most recent call last):
    File "E:\deep learning\main.py", line 37, in <module>
      model_trainer.main()
    File "E:\deep learning\src\cnnClassifier\pipeline\stage_03_model_trainer.py", line 21, in main
      training.train()
    File "E:\deep learning\src\cnnClassifier\components\model_trainer.py", line 82, in train
      self.model.fit(
    File "C:\Users\namit\anaconda3\envs\cancer\lib\site-packages\keras\utils\traceback_utils.py", line 65, in error_handler
      return fn(*args, **kwargs)
    File "C:\Users\namit\anaconda3\envs\cancer\lib\site-packages\keras\engine\training.py", line 1685, in fit
      tmp_logs = self.train_function(iterator)
    File "C:\Users\namit\anaconda3\envs\cancer\lib\site-packages\keras\engine\training.py", line 1284, in train_function
      return step_function(self, iterator)
    File "C:\Users\namit\anaconda3\envs\cancer\lib\site-packages\keras\engine\training.py", line 1268, in step_function
      outputs = model.distribute_strategy.run(run_step, args=(data,))
    File "C:\Users\namit\anaconda3\envs\cancer\lib\site-packages\keras\engine\training.py", line 1249, in run_step
      outputs = model.train_step(data)
    File "C:\Users\namit\anaconda3\envs\cancer\lib\site-packages\keras\engine\training.py", line 1051, in train_step
      loss = self.compute_loss(x, y, y_pred, sample_weight)
    File "C:\Users\namit\anaconda3\envs\cancer\lib\site-packages\keras\engine\training.py", line 1109, in compute_loss
      return self.compiled_loss(
    File "C:\Users\namit\anaconda3\envs\cancer\lib\site-packages\keras\engine\compile_utils.py", line 265, in __call__
      loss_value = loss_obj(y_t, y_p, sample_weight=sw)
    File "C:\Users\namit\anaconda3\envs\cancer\lib\site-packages\keras\losses.py", line 142, in __call__
      losses = call_fn(y_true, y_pred)
    File "C:\Users\namit\anaconda3\envs\cancer\lib\site-packages\keras\losses.py", line 268, in call
      return ag_fn(y_true, y_pred, **self._fn_kwargs)
    File "C:\Users\namit\anaconda3\envs\cancer\lib\site-packages\keras\losses.py", line 1984, in categorical_crossentropy
      return backend.categorical_crossentropy(
    File "C:\Users\namit\anaconda3\envs\cancer\lib\site-packages\keras\backend.py", line 5565, in categorical_crossentropy
      return tf.nn.softmax_cross_entropy_with_logits(
Node: 'categorical_crossentropy/softmax_cross_entropy_with_logits'
logits and labels must be broadcastable: logits_size=[16,2] labels_size=[16,4]
	 [[{{node categorical_crossentropy/softmax_cross_entropy_with_logits}}]] [Op:__inference_train_function_1463]
[2025-12-21 00:23:43,253: INFO: main: >>>>>> stage Data Ingestion stage started <<<<<<]
[2025-12-21 00:23:43,256: INFO: common: yaml file: config\config.yaml loaded successfully]
[2025-12-21 00:23:43,266: INFO: common: yaml file: params.yaml loaded successfully]
[2025-12-21 00:23:43,267: INFO: common: created directory at: artifacts]
[2025-12-21 00:23:43,267: INFO: common: created directory at: artifacts/data_ingestion]
[2025-12-21 00:23:43,268: INFO: data_ingestion: Downloading data from https://drive.google.com/uc?id=1NzPljKM7uDBp9P1GR4rpL4-kp7hsn-ol into file artifacts/data_ingestion/data.zip]
[2025-12-21 00:23:55,234: INFO: data_ingestion: Downloaded data from https://drive.google.com/uc?id=1NzPljKM7uDBp9P1GR4rpL4-kp7hsn-ol into file artifacts/data_ingestion/data.zip]
[2025-12-21 00:23:56,614: INFO: main: >>>>>> stage Data Ingestion stage completed <<<<<<

x==========x]
[2025-12-21 00:23:56,615: INFO: main: *******************]
[2025-12-21 00:23:56,615: INFO: main: >>>>>> stage Prepare base model started <<<<<<]
[2025-12-21 00:23:56,617: INFO: common: yaml file: config\config.yaml loaded successfully]
[2025-12-21 00:23:56,619: INFO: common: yaml file: params.yaml loaded successfully]
[2025-12-21 00:23:56,619: INFO: common: created directory at: artifacts]
[2025-12-21 00:23:56,620: INFO: common: created directory at: artifacts/prepare_base_model]
[2025-12-21 00:23:57,239: WARNING: saving_utils: Compiled the loaded model, but the compiled metrics have yet to be built. `model.compile_metrics` will be empty until you train or evaluate the model.]
[2025-12-21 00:23:57,633: INFO: main: >>>>>> stage Prepare base model completed <<<<<<

x==========x]
[2025-12-21 00:23:57,634: INFO: main: *******************]
[2025-12-21 00:23:57,634: INFO: main: >>>>>> stage Training started <<<<<<]
[2025-12-21 00:23:57,636: INFO: common: yaml file: config\config.yaml loaded successfully]
[2025-12-21 00:23:57,638: INFO: common: yaml file: params.yaml loaded successfully]
[2025-12-21 00:23:57,638: INFO: common: created directory at: artifacts]
[2025-12-21 00:23:57,639: INFO: common: created directory at: artifacts\training]
[2025-12-21 00:25:15,593: INFO: main: >>>>>> stage Training completed <<<<<<

x==========x]
[2025-12-21 00:29:50,262: INFO: main: >>>>>> stage Data Ingestion stage started <<<<<<]
[2025-12-21 00:29:50,264: INFO: common: yaml file: config\config.yaml loaded successfully]
[2025-12-21 00:29:50,273: INFO: common: yaml file: params.yaml loaded successfully]
[2025-12-21 00:29:50,274: INFO: common: created directory at: artifacts]
[2025-12-21 00:29:50,275: INFO: common: created directory at: artifacts/data_ingestion]
[2025-12-21 00:29:50,276: INFO: data_ingestion: Downloading data from https://drive.google.com/uc?id=1NzPljKM7uDBp9P1GR4rpL4-kp7hsn-ol into file artifacts/data_ingestion/data.zip]
[2025-12-21 00:30:01,248: INFO: data_ingestion: Downloaded data from https://drive.google.com/uc?id=1NzPljKM7uDBp9P1GR4rpL4-kp7hsn-ol into file artifacts/data_ingestion/data.zip]
[2025-12-21 00:30:03,570: INFO: main: >>>>>> stage Data Ingestion stage completed <<<<<<

x==========x]
[2025-12-21 00:30:03,570: INFO: main: *******************]
[2025-12-21 00:30:03,570: INFO: main: >>>>>> stage Prepare base model started <<<<<<]
[2025-12-21 00:30:03,573: INFO: common: yaml file: config\config.yaml loaded successfully]
[2025-12-21 00:30:03,574: INFO: common: yaml file: params.yaml loaded successfully]
[2025-12-21 00:30:03,575: INFO: common: created directory at: artifacts]
[2025-12-21 00:30:03,575: INFO: common: created directory at: artifacts/prepare_base_model]
[2025-12-21 00:30:04,038: WARNING: saving_utils: Compiled the loaded model, but the compiled metrics have yet to be built. `model.compile_metrics` will be empty until you train or evaluate the model.]
[2025-12-21 00:30:04,528: INFO: main: >>>>>> stage Prepare base model completed <<<<<<

x==========x]
[2025-12-21 00:30:04,529: INFO: main: *******************]
[2025-12-21 00:30:04,529: INFO: main: >>>>>> stage Training started <<<<<<]
[2025-12-21 00:30:04,531: INFO: common: yaml file: config\config.yaml loaded successfully]
[2025-12-21 00:30:04,533: INFO: common: yaml file: params.yaml loaded successfully]
[2025-12-21 00:30:04,533: INFO: common: created directory at: artifacts]
[2025-12-21 00:30:04,534: INFO: common: created directory at: artifacts\training]
[2025-12-21 00:33:46,911: INFO: main: >>>>>> stage Training completed <<<<<<

x==========x]
[2025-12-21 15:11:34,424: INFO: main: >>>>>> stage Data Ingestion stage started <<<<<<]
[2025-12-21 15:11:34,506: INFO: common: yaml file: config\config.yaml loaded successfully]
[2025-12-21 15:11:34,516: INFO: common: yaml file: params.yaml loaded successfully]
[2025-12-21 15:11:34,721: INFO: common: created directory at: artifacts]
[2025-12-21 15:11:34,722: INFO: common: created directory at: artifacts/data_ingestion]
[2025-12-21 15:11:34,723: INFO: data_ingestion: Downloading data from https://drive.google.com/uc?id=1NzPljKM7uDBp9P1GR4rpL4-kp7hsn-ol into file artifacts/data_ingestion/data.zip]
[2025-12-21 15:11:45,686: INFO: data_ingestion: Downloaded data from https://drive.google.com/uc?id=1NzPljKM7uDBp9P1GR4rpL4-kp7hsn-ol into file artifacts/data_ingestion/data.zip]
[2025-12-21 15:11:47,072: INFO: main: >>>>>> stage Data Ingestion stage completed <<<<<<

x==========x]
[2025-12-21 15:11:47,072: INFO: main: *******************]
[2025-12-21 15:11:47,072: INFO: main: >>>>>> stage Prepare base model started <<<<<<]
[2025-12-21 15:11:47,074: INFO: common: yaml file: config\config.yaml loaded successfully]
[2025-12-21 15:11:47,076: INFO: common: yaml file: params.yaml loaded successfully]
[2025-12-21 15:11:47,076: INFO: common: created directory at: artifacts]
[2025-12-21 15:11:47,077: INFO: common: created directory at: artifacts/prepare_base_model]
[2025-12-21 15:11:47,690: WARNING: saving_utils: Compiled the loaded model, but the compiled metrics have yet to be built. `model.compile_metrics` will be empty until you train or evaluate the model.]
[2025-12-21 15:11:48,261: INFO: main: >>>>>> stage Prepare base model completed <<<<<<

x==========x]
[2025-12-21 15:11:48,261: INFO: main: *******************]
[2025-12-21 15:11:48,261: INFO: main: >>>>>> stage Training started <<<<<<]
[2025-12-21 15:11:48,264: INFO: common: yaml file: config\config.yaml loaded successfully]
[2025-12-21 15:11:48,265: INFO: common: yaml file: params.yaml loaded successfully]
[2025-12-21 15:11:48,266: INFO: common: created directory at: artifacts]
[2025-12-21 15:11:48,267: INFO: common: created directory at: artifacts\training]
[2025-12-21 15:12:50,019: INFO: main: >>>>>> stage Training completed <<<<<<

x==========x]
[2025-12-21 15:12:50,019: INFO: main: *******************]
[2025-12-21 15:12:50,020: INFO: main: >>>>>> stage Evaluation stage started <<<<<<]
[2025-12-21 15:12:50,022: INFO: common: yaml file: config\config.yaml loaded successfully]
[2025-12-21 15:12:50,023: INFO: common: yaml file: params.yaml loaded successfully]
[2025-12-21 15:12:50,024: INFO: common: created directory at: artifacts]
[2025-12-21 15:12:53,071: ERROR: main: Graph execution error:

Detected at node 'categorical_crossentropy/softmax_cross_entropy_with_logits' defined at (most recent call last):
    File "E:\deep learning\main.py", line 57, in <module>
      model_evalution.main()
    File "E:\deep learning\src\cnnClassifier\pipeline\stage_04_model_evaluation.py", line 18, in main
      evaluation.evaluation()
    File "E:\deep learning\src\cnnClassifier\components\model_evaluation_mlflow.py", line 48, in evaluation
      self.score = self.model.evaluate(self.valid_generator)
    File "C:\Users\namit\anaconda3\envs\cancer\lib\site-packages\keras\utils\traceback_utils.py", line 65, in error_handler
      return fn(*args, **kwargs)
    File "C:\Users\namit\anaconda3\envs\cancer\lib\site-packages\keras\engine\training.py", line 2072, in evaluate
      tmp_logs = self.test_function(iterator)
    File "C:\Users\namit\anaconda3\envs\cancer\lib\site-packages\keras\engine\training.py", line 1852, in test_function
      return step_function(self, iterator)
    File "C:\Users\namit\anaconda3\envs\cancer\lib\site-packages\keras\engine\training.py", line 1836, in step_function
      outputs = model.distribute_strategy.run(run_step, args=(data,))
    File "C:\Users\namit\anaconda3\envs\cancer\lib\site-packages\keras\engine\training.py", line 1824, in run_step
      outputs = model.test_step(data)
    File "C:\Users\namit\anaconda3\envs\cancer\lib\site-packages\keras\engine\training.py", line 1790, in test_step
      self.compute_loss(x, y, y_pred, sample_weight)
    File "C:\Users\namit\anaconda3\envs\cancer\lib\site-packages\keras\engine\training.py", line 1109, in compute_loss
      return self.compiled_loss(
    File "C:\Users\namit\anaconda3\envs\cancer\lib\site-packages\keras\engine\compile_utils.py", line 265, in __call__
      loss_value = loss_obj(y_t, y_p, sample_weight=sw)
    File "C:\Users\namit\anaconda3\envs\cancer\lib\site-packages\keras\losses.py", line 142, in __call__
      losses = call_fn(y_true, y_pred)
    File "C:\Users\namit\anaconda3\envs\cancer\lib\site-packages\keras\losses.py", line 268, in call
      return ag_fn(y_true, y_pred, **self._fn_kwargs)
    File "C:\Users\namit\anaconda3\envs\cancer\lib\site-packages\keras\losses.py", line 1984, in categorical_crossentropy
      return backend.categorical_crossentropy(
    File "C:\Users\namit\anaconda3\envs\cancer\lib\site-packages\keras\backend.py", line 5565, in categorical_crossentropy
      return tf.nn.softmax_cross_entropy_with_logits(
Node: 'categorical_crossentropy/softmax_cross_entropy_with_logits'
logits and labels must be broadcastable: logits_size=[16,4] labels_size=[16,3]
	 [[{{node categorical_crossentropy/softmax_cross_entropy_with_logits}}]] [Op:__inference_test_function_2771]]
Traceback (most recent call last):
  File "E:\deep learning\main.py", line 57, in <module>
    model_evalution.main()
  File "E:\deep learning\src\cnnClassifier\pipeline\stage_04_model_evaluation.py", line 18, in main
    evaluation.evaluation()
  File "E:\deep learning\src\cnnClassifier\components\model_evaluation_mlflow.py", line 48, in evaluation
    self.score = self.model.evaluate(self.valid_generator)
  File "C:\Users\namit\anaconda3\envs\cancer\lib\site-packages\keras\utils\traceback_utils.py", line 70, in error_handler
    raise e.with_traceback(filtered_tb) from None
  File "C:\Users\namit\anaconda3\envs\cancer\lib\site-packages\tensorflow\python\eager\execute.py", line 52, in quick_execute
    tensors = pywrap_tfe.TFE_Py_Execute(ctx._handle, device_name, op_name,
tensorflow.python.framework.errors_impl.InvalidArgumentError: Graph execution error:

Detected at node 'categorical_crossentropy/softmax_cross_entropy_with_logits' defined at (most recent call last):
    File "E:\deep learning\main.py", line 57, in <module>
      model_evalution.main()
    File "E:\deep learning\src\cnnClassifier\pipeline\stage_04_model_evaluation.py", line 18, in main
      evaluation.evaluation()
    File "E:\deep learning\src\cnnClassifier\components\model_evaluation_mlflow.py", line 48, in evaluation
      self.score = self.model.evaluate(self.valid_generator)
    File "C:\Users\namit\anaconda3\envs\cancer\lib\site-packages\keras\utils\traceback_utils.py", line 65, in error_handler
      return fn(*args, **kwargs)
    File "C:\Users\namit\anaconda3\envs\cancer\lib\site-packages\keras\engine\training.py", line 2072, in evaluate
      tmp_logs = self.test_function(iterator)
    File "C:\Users\namit\anaconda3\envs\cancer\lib\site-packages\keras\engine\training.py", line 1852, in test_function
      return step_function(self, iterator)
    File "C:\Users\namit\anaconda3\envs\cancer\lib\site-packages\keras\engine\training.py", line 1836, in step_function
      outputs = model.distribute_strategy.run(run_step, args=(data,))
    File "C:\Users\namit\anaconda3\envs\cancer\lib\site-packages\keras\engine\training.py", line 1824, in run_step
      outputs = model.test_step(data)
    File "C:\Users\namit\anaconda3\envs\cancer\lib\site-packages\keras\engine\training.py", line 1790, in test_step
      self.compute_loss(x, y, y_pred, sample_weight)
    File "C:\Users\namit\anaconda3\envs\cancer\lib\site-packages\keras\engine\training.py", line 1109, in compute_loss
      return self.compiled_loss(
    File "C:\Users\namit\anaconda3\envs\cancer\lib\site-packages\keras\engine\compile_utils.py", line 265, in __call__
      loss_value = loss_obj(y_t, y_p, sample_weight=sw)
    File "C:\Users\namit\anaconda3\envs\cancer\lib\site-packages\keras\losses.py", line 142, in __call__
      losses = call_fn(y_true, y_pred)
    File "C:\Users\namit\anaconda3\envs\cancer\lib\site-packages\keras\losses.py", line 268, in call
      return ag_fn(y_true, y_pred, **self._fn_kwargs)
    File "C:\Users\namit\anaconda3\envs\cancer\lib\site-packages\keras\losses.py", line 1984, in categorical_crossentropy
      return backend.categorical_crossentropy(
    File "C:\Users\namit\anaconda3\envs\cancer\lib\site-packages\keras\backend.py", line 5565, in categorical_crossentropy
      return tf.nn.softmax_cross_entropy_with_logits(
Node: 'categorical_crossentropy/softmax_cross_entropy_with_logits'
logits and labels must be broadcastable: logits_size=[16,4] labels_size=[16,3]
	 [[{{node categorical_crossentropy/softmax_cross_entropy_with_logits}}]] [Op:__inference_test_function_2771]
[2025-12-21 15:22:32,779: INFO: main: >>>>>> stage Data Ingestion stage started <<<<<<]
[2025-12-21 15:22:32,782: INFO: common: yaml file: config\config.yaml loaded successfully]
[2025-12-21 15:22:32,784: INFO: common: yaml file: params.yaml loaded successfully]
[2025-12-21 15:22:32,785: INFO: common: created directory at: artifacts]
[2025-12-21 15:22:32,785: INFO: common: created directory at: artifacts/data_ingestion]
[2025-12-21 15:22:32,786: INFO: data_ingestion: Downloading data from https://drive.google.com/uc?id=1NzPljKM7uDBp9P1GR4rpL4-kp7hsn-ol into file artifacts/data_ingestion/data.zip]
[2025-12-21 15:22:44,324: INFO: data_ingestion: Downloaded data from https://drive.google.com/uc?id=1NzPljKM7uDBp9P1GR4rpL4-kp7hsn-ol into file artifacts/data_ingestion/data.zip]
[2025-12-21 15:22:45,702: INFO: main: >>>>>> stage Data Ingestion stage completed <<<<<<

x==========x]
[2025-12-21 15:22:45,702: INFO: main: *******************]
[2025-12-21 15:22:45,702: INFO: main: >>>>>> stage Prepare base model started <<<<<<]
[2025-12-21 15:22:45,704: INFO: common: yaml file: config\config.yaml loaded successfully]
[2025-12-21 15:22:45,706: INFO: common: yaml file: params.yaml loaded successfully]
[2025-12-21 15:22:45,706: INFO: common: created directory at: artifacts]
[2025-12-21 15:22:45,708: INFO: common: created directory at: artifacts/prepare_base_model]
[2025-12-21 15:22:46,237: WARNING: saving_utils: Compiled the loaded model, but the compiled metrics have yet to be built. `model.compile_metrics` will be empty until you train or evaluate the model.]
[2025-12-21 15:22:46,557: INFO: main: >>>>>> stage Prepare base model completed <<<<<<

x==========x]
[2025-12-21 15:22:46,557: INFO: main: *******************]
[2025-12-21 15:22:46,557: INFO: main: >>>>>> stage Training started <<<<<<]
[2025-12-21 15:22:46,559: INFO: common: yaml file: config\config.yaml loaded successfully]
[2025-12-21 15:22:46,561: INFO: common: yaml file: params.yaml loaded successfully]
[2025-12-21 15:22:46,561: INFO: common: created directory at: artifacts]
[2025-12-21 15:22:46,562: INFO: common: created directory at: artifacts\training]
[2025-12-21 15:23:44,549: INFO: main: >>>>>> stage Training completed <<<<<<

x==========x]
[2025-12-21 15:23:44,549: INFO: main: *******************]
[2025-12-21 15:23:44,549: INFO: main: >>>>>> stage Evaluation stage started <<<<<<]
[2025-12-21 15:23:44,551: INFO: common: yaml file: config\config.yaml loaded successfully]
[2025-12-21 15:23:44,552: INFO: common: yaml file: params.yaml loaded successfully]
[2025-12-21 15:23:44,553: INFO: common: created directory at: artifacts]
[2025-12-21 15:23:51,387: INFO: common: json file saved at: scores.json]
[2025-12-21 15:23:51,388: INFO: common: json file saved at: scores.json]
[2025-12-21 15:23:51,388: INFO: main: >>>>>> stage Evaluation stage completed <<<<<<

x==========x]
[2025-12-21 15:28:23,819: INFO: main: >>>>>> stage Data Ingestion stage started <<<<<<]
[2025-12-21 15:28:23,828: INFO: common: yaml file: config\config.yaml loaded successfully]
[2025-12-21 15:28:23,828: INFO: common: yaml file: params.yaml loaded successfully]
[2025-12-21 15:28:23,828: INFO: common: created directory at: artifacts]
[2025-12-21 15:28:23,828: INFO: common: created directory at: artifacts/data_ingestion]
[2025-12-21 15:28:23,828: INFO: data_ingestion: Downloading data from https://drive.google.com/uc?id=1NzPljKM7uDBp9P1GR4rpL4-kp7hsn-ol into file artifacts/data_ingestion/data.zip]
[2025-12-21 15:28:35,126: INFO: data_ingestion: Downloaded data from https://drive.google.com/uc?id=1NzPljKM7uDBp9P1GR4rpL4-kp7hsn-ol into file artifacts/data_ingestion/data.zip]
[2025-12-21 15:28:36,423: INFO: main: >>>>>> stage Data Ingestion stage completed <<<<<<

x==========x]
[2025-12-21 15:28:36,423: INFO: main: *******************]
[2025-12-21 15:28:36,423: INFO: main: >>>>>> stage Prepare base model started <<<<<<]
[2025-12-21 15:28:36,439: INFO: common: yaml file: config\config.yaml loaded successfully]
[2025-12-21 15:28:36,441: INFO: common: yaml file: params.yaml loaded successfully]
[2025-12-21 15:28:36,441: INFO: common: created directory at: artifacts]
[2025-12-21 15:28:36,441: INFO: common: created directory at: artifacts/prepare_base_model]
[2025-12-21 15:28:36,761: WARNING: saving_utils: Compiled the loaded model, but the compiled metrics have yet to be built. `model.compile_metrics` will be empty until you train or evaluate the model.]
[2025-12-21 15:28:36,964: INFO: main: >>>>>> stage Prepare base model completed <<<<<<

x==========x]
[2025-12-21 15:28:36,964: INFO: main: *******************]
[2025-12-21 15:28:36,964: INFO: main: >>>>>> stage Training started <<<<<<]
[2025-12-21 15:28:36,964: INFO: common: yaml file: config\config.yaml loaded successfully]
[2025-12-21 15:28:36,964: INFO: common: yaml file: params.yaml loaded successfully]
[2025-12-21 15:28:36,964: INFO: common: created directory at: artifacts]
[2025-12-21 15:28:36,964: INFO: common: created directory at: artifacts\training]
[2025-12-21 15:29:32,252: INFO: main: >>>>>> stage Training completed <<<<<<

x==========x]
[2025-12-21 15:29:32,252: INFO: main: *******************]
[2025-12-21 15:29:32,252: INFO: main: >>>>>> stage Evaluation stage started <<<<<<]
[2025-12-21 15:29:32,252: INFO: common: yaml file: config\config.yaml loaded successfully]
[2025-12-21 15:29:32,252: INFO: common: yaml file: params.yaml loaded successfully]
[2025-12-21 15:29:32,252: INFO: common: created directory at: artifacts]
[2025-12-21 15:29:38,861: INFO: common: json file saved at: scores.json]
[2025-12-21 15:29:38,861: INFO: common: json file saved at: scores.json]
[2025-12-21 15:29:40,554: WARNING: save: Found untraced functions such as _jit_compiled_convolution_op, _jit_compiled_convolution_op, _jit_compiled_convolution_op, _jit_compiled_convolution_op, _jit_compiled_convolution_op while saving (showing 5 of 14). These functions will not be directly callable after loading.]
[2025-12-21 15:29:41,154: INFO: builder_impl: Assets written to: C:\Users\namit\AppData\Local\Temp\tmp7hqsirdq\model\data\model\assets]
[2025-12-21 15:29:51,968: INFO: main: >>>>>> stage Evaluation stage completed <<<<<<

x==========x]
[2025-12-21 16:55:34,071: INFO: main: >>>>>> stage Data Ingestion stage started <<<<<<]
[2025-12-21 16:55:34,071: INFO: common: yaml file: config\config.yaml loaded successfully]
[2025-12-21 16:55:34,083: INFO: common: yaml file: params.yaml loaded successfully]
[2025-12-21 16:55:34,087: INFO: common: created directory at: artifacts]
[2025-12-21 16:55:34,087: INFO: common: created directory at: artifacts/data_ingestion]
[2025-12-21 16:55:34,088: INFO: data_ingestion: Downloading data from https://drive.google.com/uc?id=1NzPljKM7uDBp9P1GR4rpL4-kp7hsn-ol into file artifacts/data_ingestion/data.zip]
[2025-12-21 16:55:45,824: INFO: data_ingestion: Downloaded data from https://drive.google.com/uc?id=1NzPljKM7uDBp9P1GR4rpL4-kp7hsn-ol into file artifacts/data_ingestion/data.zip]
[2025-12-21 16:55:47,002: INFO: main: >>>>>> stage Data Ingestion stage completed <<<<<<

x==========x]
[2025-12-21 16:55:47,002: INFO: main: *******************]
[2025-12-21 16:55:47,002: INFO: main: >>>>>> stage Prepare base model started <<<<<<]
[2025-12-21 16:55:47,002: INFO: common: yaml file: config\config.yaml loaded successfully]
[2025-12-21 16:55:47,009: INFO: common: yaml file: params.yaml loaded successfully]
[2025-12-21 16:55:47,009: INFO: common: created directory at: artifacts]
[2025-12-21 16:55:47,099: INFO: common: created directory at: artifacts/prepare_base_model]
[2025-12-21 16:55:47,634: WARNING: saving_utils: Compiled the loaded model, but the compiled metrics have yet to be built. `model.compile_metrics` will be empty until you train or evaluate the model.]
[2025-12-21 16:55:48,335: INFO: main: >>>>>> stage Prepare base model completed <<<<<<

x==========x]
[2025-12-21 16:55:48,335: INFO: main: *******************]
[2025-12-21 16:55:48,335: INFO: main: >>>>>> stage Training started <<<<<<]
[2025-12-21 16:55:48,335: INFO: common: yaml file: config\config.yaml loaded successfully]
[2025-12-21 16:55:48,351: INFO: common: yaml file: params.yaml loaded successfully]
[2025-12-21 16:55:48,351: INFO: common: created directory at: artifacts]
[2025-12-21 16:55:48,351: INFO: common: created directory at: artifacts\training]
[2025-12-21 16:56:45,636: INFO: main: >>>>>> stage Training completed <<<<<<

x==========x]
[2025-12-21 16:56:45,636: INFO: main: *******************]
[2025-12-21 16:56:45,636: INFO: main: >>>>>> stage Evaluation stage started <<<<<<]
[2025-12-21 16:56:45,644: INFO: common: yaml file: config\config.yaml loaded successfully]
[2025-12-21 16:56:45,644: INFO: common: yaml file: params.yaml loaded successfully]
[2025-12-21 16:56:45,644: INFO: common: created directory at: artifacts]
[2025-12-21 16:56:52,854: INFO: common: json file saved at: scores.json]
[2025-12-21 16:56:52,861: INFO: common: json file saved at: scores.json]
[2025-12-21 16:56:54,126: WARNING: save: Found untraced functions such as _jit_compiled_convolution_op, _jit_compiled_convolution_op, _jit_compiled_convolution_op, _jit_compiled_convolution_op, _jit_compiled_convolution_op while saving (showing 5 of 14). These functions will not be directly callable after loading.]
[2025-12-21 16:56:54,720: INFO: builder_impl: Assets written to: C:\Users\namit\AppData\Local\Temp\tmpuer9zjlh\model\data\model\assets]
[2025-12-21 16:57:05,050: INFO: main: >>>>>> stage Evaluation stage completed <<<<<<

x==========x]
[2025-12-21 16:59:11,209: INFO: main: >>>>>> stage Data Ingestion stage started <<<<<<]
[2025-12-21 16:59:11,209: INFO: common: yaml file: config\config.yaml loaded successfully]
[2025-12-21 16:59:11,209: INFO: common: yaml file: params.yaml loaded successfully]
[2025-12-21 16:59:11,209: INFO: common: created directory at: artifacts]
[2025-12-21 16:59:11,209: INFO: common: created directory at: artifacts/data_ingestion]
[2025-12-21 16:59:11,221: INFO: data_ingestion: Downloading data from https://drive.google.com/uc?id=1NzPljKM7uDBp9P1GR4rpL4-kp7hsn-ol into file artifacts/data_ingestion/data.zip]
[2025-12-21 16:59:23,351: INFO: data_ingestion: Downloaded data from https://drive.google.com/uc?id=1NzPljKM7uDBp9P1GR4rpL4-kp7hsn-ol into file artifacts/data_ingestion/data.zip]
[2025-12-21 16:59:24,606: INFO: main: >>>>>> stage Data Ingestion stage completed <<<<<<

x==========x]
[2025-12-21 16:59:24,606: INFO: main: *******************]
[2025-12-21 16:59:24,606: INFO: main: >>>>>> stage Prepare base model started <<<<<<]
[2025-12-21 16:59:24,606: INFO: common: yaml file: config\config.yaml loaded successfully]
[2025-12-21 16:59:24,606: INFO: common: yaml file: params.yaml loaded successfully]
[2025-12-21 16:59:24,606: INFO: common: created directory at: artifacts]
[2025-12-21 16:59:24,606: INFO: common: created directory at: artifacts/prepare_base_model]
[2025-12-21 16:59:25,046: WARNING: saving_utils: Compiled the loaded model, but the compiled metrics have yet to be built. `model.compile_metrics` will be empty until you train or evaluate the model.]
[2025-12-21 16:59:25,218: INFO: main: >>>>>> stage Prepare base model completed <<<<<<

x==========x]
[2025-12-21 16:59:25,218: INFO: main: *******************]
[2025-12-21 16:59:25,218: INFO: main: >>>>>> stage Training started <<<<<<]
[2025-12-21 16:59:25,218: INFO: common: yaml file: config\config.yaml loaded successfully]
[2025-12-21 16:59:25,218: INFO: common: yaml file: params.yaml loaded successfully]
[2025-12-21 16:59:25,218: INFO: common: created directory at: artifacts]
[2025-12-21 16:59:25,218: INFO: common: created directory at: artifacts\training]
[2025-12-21 17:00:20,434: INFO: main: >>>>>> stage Training completed <<<<<<

x==========x]
[2025-12-21 17:00:20,434: INFO: main: *******************]
[2025-12-21 17:00:20,434: INFO: main: >>>>>> stage Evaluation stage started <<<<<<]
[2025-12-21 17:00:20,434: INFO: common: yaml file: config\config.yaml loaded successfully]
[2025-12-21 17:00:20,434: INFO: common: yaml file: params.yaml loaded successfully]
[2025-12-21 17:00:20,434: INFO: common: created directory at: artifacts]
[2025-12-21 17:00:27,407: INFO: common: json file saved at: scores.json]
[2025-12-21 17:00:27,411: INFO: common: json file saved at: scores.json]
[2025-12-21 17:00:58,505: WARNING: connectionpool: Retrying (Retry(total=4, connect=5, read=4, redirect=5, status=5)) after connection broken by 'RemoteDisconnected('Remote end closed connection without response')': /namitjain123/deep-learning-chest-disease.mlflow/api/2.0/mlflow/runs/log-batch]
[2025-12-21 17:01:00,631: WARNING: save: Found untraced functions such as _jit_compiled_convolution_op, _jit_compiled_convolution_op, _jit_compiled_convolution_op, _jit_compiled_convolution_op, _jit_compiled_convolution_op while saving (showing 5 of 14). These functions will not be directly callable after loading.]
[2025-12-21 17:01:01,154: INFO: builder_impl: Assets written to: C:\Users\namit\AppData\Local\Temp\tmppy6m81oq\model\data\model\assets]
[2025-12-21 17:03:59,629: INFO: main: >>>>>> stage Evaluation stage completed <<<<<<

x==========x]
[2025-12-21 17:12:21,466: INFO: main: >>>>>> stage Data Ingestion stage started <<<<<<]
[2025-12-21 17:12:21,469: INFO: common: yaml file: config\config.yaml loaded successfully]
[2025-12-21 17:12:21,482: INFO: common: yaml file: params.yaml loaded successfully]
[2025-12-21 17:12:21,483: INFO: common: created directory at: artifacts]
[2025-12-21 17:12:21,484: INFO: common: created directory at: artifacts/data_ingestion]
[2025-12-21 17:12:21,485: INFO: data_ingestion: Downloading data from https://drive.google.com/uc?id=1NzPljKM7uDBp9P1GR4rpL4-kp7hsn-ol into file artifacts/data_ingestion/data.zip]
[2025-12-21 17:12:34,335: INFO: data_ingestion: Downloaded data from https://drive.google.com/uc?id=1NzPljKM7uDBp9P1GR4rpL4-kp7hsn-ol into file artifacts/data_ingestion/data.zip]
[2025-12-21 17:12:35,734: INFO: main: >>>>>> stage Data Ingestion stage completed <<<<<<

x==========x]
[2025-12-21 17:12:35,736: INFO: main: *******************]
[2025-12-21 17:12:35,736: INFO: main: >>>>>> stage Prepare base model started <<<<<<]
[2025-12-21 17:12:35,738: INFO: common: yaml file: config\config.yaml loaded successfully]
[2025-12-21 17:12:35,739: INFO: common: yaml file: params.yaml loaded successfully]
[2025-12-21 17:12:35,740: INFO: common: created directory at: artifacts]
[2025-12-21 17:12:35,740: INFO: common: created directory at: artifacts/prepare_base_model]
[2025-12-21 17:12:36,146: WARNING: saving_utils: Compiled the loaded model, but the compiled metrics have yet to be built. `model.compile_metrics` will be empty until you train or evaluate the model.]
[2025-12-21 17:12:36,423: INFO: main: >>>>>> stage Prepare base model completed <<<<<<

x==========x]
[2025-12-21 17:12:36,424: INFO: main: *******************]
[2025-12-21 17:12:36,424: INFO: main: >>>>>> stage Training started <<<<<<]
[2025-12-21 17:12:36,426: INFO: common: yaml file: config\config.yaml loaded successfully]
[2025-12-21 17:12:36,428: INFO: common: yaml file: params.yaml loaded successfully]
[2025-12-21 17:12:36,428: INFO: common: created directory at: artifacts]
[2025-12-21 17:12:36,429: INFO: common: created directory at: artifacts\training]
[2025-12-21 17:14:58,078: INFO: main: >>>>>> stage Training completed <<<<<<

x==========x]
[2025-12-21 17:14:58,078: INFO: main: *******************]
[2025-12-21 17:14:58,078: INFO: main: >>>>>> stage Evaluation stage started <<<<<<]
[2025-12-21 17:14:58,081: INFO: common: yaml file: config\config.yaml loaded successfully]
[2025-12-21 17:14:58,083: INFO: common: yaml file: params.yaml loaded successfully]
[2025-12-21 17:14:58,084: INFO: common: created directory at: artifacts]
[2025-12-21 17:15:06,163: INFO: common: json file saved at: scores.json]
[2025-12-21 17:15:06,164: INFO: common: json file saved at: scores.json]
[2025-12-21 17:15:11,078: WARNING: save: Found untraced functions such as _jit_compiled_convolution_op, _jit_compiled_convolution_op, _jit_compiled_convolution_op, _jit_compiled_convolution_op, _jit_compiled_convolution_op while saving (showing 5 of 14). These functions will not be directly callable after loading.]
[2025-12-21 17:15:11,665: INFO: builder_impl: Assets written to: C:\Users\namit\AppData\Local\Temp\tmpk38bfm71\model\data\model\assets]
[2025-12-21 17:15:46,375: WARNING: connectionpool: Retrying (Retry(total=4, connect=5, read=4, redirect=5, status=5)) after connection broken by 'RemoteDisconnected('Remote end closed connection without response')': /namitjain123/deep-learning-chest-disease.mlflow/api/2.0/mlflow-artifacts/artifacts/7a024ce4ee3e403a8204c268d3a8eef2/bdf45fd993b04988acc1fdabca2eacb5/artifacts/model/data/model/fingerprint.pb]
[2025-12-21 17:16:16,342: WARNING: connectionpool: Retrying (Retry(total=4, connect=5, read=4, redirect=5, status=5)) after connection broken by 'ConnectionAbortedError(10053, 'An established connection was aborted by the software in your host machine')': /namitjain123/deep-learning-chest-disease.mlflow/api/2.0/mlflow-artifacts/artifacts/7a024ce4ee3e403a8204c268d3a8eef2/bdf45fd993b04988acc1fdabca2eacb5/artifacts/model/data/model/variables/variables.data-00000-of-00001]
[2025-12-21 17:16:41,864: WARNING: connectionpool: Retrying (Retry(total=3, connect=5, read=3, redirect=5, status=5)) after connection broken by 'ConnectionAbortedError(10053, 'An established connection was aborted by the software in your host machine')': /namitjain123/deep-learning-chest-disease.mlflow/api/2.0/mlflow-artifacts/artifacts/7a024ce4ee3e403a8204c268d3a8eef2/bdf45fd993b04988acc1fdabca2eacb5/artifacts/model/data/model/variables/variables.data-00000-of-00001]
[2025-12-21 17:17:21,844: WARNING: connectionpool: Retrying (Retry(total=2, connect=5, read=2, redirect=5, status=5)) after connection broken by 'ConnectionAbortedError(10053, 'An established connection was aborted by the software in your host machine')': /namitjain123/deep-learning-chest-disease.mlflow/api/2.0/mlflow-artifacts/artifacts/7a024ce4ee3e403a8204c268d3a8eef2/bdf45fd993b04988acc1fdabca2eacb5/artifacts/model/data/model/variables/variables.data-00000-of-00001]
[2025-12-21 17:19:05,880: INFO: main: >>>>>> stage Evaluation stage completed <<<<<<

x==========x]
[2025-12-21 17:51:12,556: INFO: stage_01_data_ingestion: >>>>>> stage Data Ingestion stage started <<<<<<]
[2025-12-21 17:51:12,574: INFO: common: yaml file: config\config.yaml loaded successfully]
[2025-12-21 17:51:12,578: INFO: common: yaml file: params.yaml loaded successfully]
[2025-12-21 17:51:12,578: INFO: common: created directory at: artifacts]
[2025-12-21 17:51:12,579: INFO: common: created directory at: artifacts/data_ingestion]
[2025-12-21 17:51:12,580: INFO: data_ingestion: Downloading data from https://drive.google.com/uc?id=1NzPljKM7uDBp9P1GR4rpL4-kp7hsn-ol into file artifacts/data_ingestion/data.zip]
[2025-12-21 17:52:31,979: INFO: data_ingestion: Downloaded data from https://drive.google.com/uc?id=1NzPljKM7uDBp9P1GR4rpL4-kp7hsn-ol into file artifacts/data_ingestion/data.zip]
[2025-12-21 17:52:33,418: INFO: stage_01_data_ingestion: >>>>>> stage Data Ingestion stage completed <<<<<<

x==========x]
[2025-12-21 17:52:51,081: INFO: stage_02_prepare_base_model: *******************]
[2025-12-21 17:52:51,082: INFO: stage_02_prepare_base_model: >>>>>> stage Prepare base model started <<<<<<]
[2025-12-21 17:52:51,083: INFO: common: yaml file: config\config.yaml loaded successfully]
[2025-12-21 17:52:51,085: INFO: common: yaml file: params.yaml loaded successfully]
[2025-12-21 17:52:51,085: INFO: common: created directory at: artifacts]
[2025-12-21 17:52:51,086: INFO: common: created directory at: artifacts/prepare_base_model]
[2025-12-21 17:52:51,649: WARNING: saving_utils: Compiled the loaded model, but the compiled metrics have yet to be built. `model.compile_metrics` will be empty until you train or evaluate the model.]
[2025-12-21 17:52:51,879: INFO: stage_02_prepare_base_model: >>>>>> stage Prepare base model completed <<<<<<

x==========x]
[2025-12-21 17:52:58,440: INFO: stage_03_model_trainer: *******************]
[2025-12-21 17:52:58,440: INFO: stage_03_model_trainer: >>>>>> stage Training started <<<<<<]
[2025-12-21 17:52:58,443: INFO: common: yaml file: config\config.yaml loaded successfully]
[2025-12-21 17:52:58,443: INFO: common: yaml file: params.yaml loaded successfully]
[2025-12-21 17:52:58,445: INFO: common: created directory at: artifacts]
[2025-12-21 17:52:58,445: INFO: common: created directory at: artifacts\training]
[2025-12-21 17:55:01,615: INFO: stage_03_model_trainer: >>>>>> stage Training completed <<<<<<

x==========x]
[2025-12-21 17:55:09,748: INFO: stage_04_model_evaluation: *******************]
[2025-12-21 17:55:09,748: INFO: stage_04_model_evaluation: >>>>>> stage Evaluation stage started <<<<<<]
[2025-12-21 17:55:09,750: INFO: common: yaml file: config\config.yaml loaded successfully]
[2025-12-21 17:55:09,752: INFO: common: yaml file: params.yaml loaded successfully]
[2025-12-21 17:55:09,752: INFO: common: created directory at: artifacts]
[2025-12-21 17:55:17,409: INFO: common: json file saved at: scores.json]
[2025-12-21 17:55:17,410: INFO: common: json file saved at: scores.json]
[2025-12-21 17:55:17,411: INFO: stage_04_model_evaluation: >>>>>> stage Evaluation stage completed <<<<<<

x==========x]
[2025-12-21 22:54:08,543: INFO: _internal: [31m[1mWARNING: This is a development server. Do not use it in a production deployment. Use a production WSGI server instead.[0m
 * Running on http://127.0.0.1:5050]
[2025-12-21 22:54:08,559: INFO: _internal: [33mPress CTRL+C to quit[0m]
[2025-12-21 22:54:28,767: INFO: _internal: 127.0.0.1 - - [21/Dec/2025 22:54:28] "GET / HTTP/1.1" 200 -]
[2025-12-21 22:54:39,413: ERROR: app: Exception on /predict [POST]]
Traceback (most recent call last):
  File "C:\Users\namit\anaconda3\envs\cancer\lib\site-packages\flask\app.py", line 2190, in wsgi_app
    response = self.full_dispatch_request()
  File "C:\Users\namit\anaconda3\envs\cancer\lib\site-packages\flask\app.py", line 1486, in full_dispatch_request
    rv = self.handle_user_exception(e)
  File "C:\Users\namit\anaconda3\envs\cancer\lib\site-packages\flask_cors\extension.py", line 176, in wrapped_function
    return cors_after_request(app.make_response(f(*args, **kwargs)))
  File "C:\Users\namit\anaconda3\envs\cancer\lib\site-packages\flask\app.py", line 1484, in full_dispatch_request
    rv = self.dispatch_request()
  File "C:\Users\namit\anaconda3\envs\cancer\lib\site-packages\flask\app.py", line 1469, in dispatch_request
    return self.ensure_sync(self.view_functions[rule.endpoint])(**view_args)
  File "C:\Users\namit\anaconda3\envs\cancer\lib\site-packages\flask_cors\decorator.py", line 121, in wrapped_function
    resp = make_response(f(*args, **kwargs))
  File "E:\deep learning\app.py", line 46, in predictRoute
    result = clApp.classifier.predict()
  File "E:\deep learning\src\cnnClassifier\pipeline\prediction.py", line 18, in predict
    model = load_model(os.path.join("model", "model.h5"))
  File "C:\Users\namit\anaconda3\envs\cancer\lib\site-packages\keras\saving\saving_api.py", line 212, in load_model
    return legacy_sm_saving_lib.load_model(
  File "C:\Users\namit\anaconda3\envs\cancer\lib\site-packages\keras\utils\traceback_utils.py", line 70, in error_handler
    raise e.with_traceback(filtered_tb) from None
  File "C:\Users\namit\anaconda3\envs\cancer\lib\site-packages\keras\saving\legacy\save.py", line 230, in load_model
    raise IOError(
OSError: No file or directory found at model\model.h5
[2025-12-21 22:54:39,438: INFO: _internal: 127.0.0.1 - - [21/Dec/2025 22:54:39] "[35m[1mPOST /predict HTTP/1.1[0m" 500 -]
[2026-01-16 15:30:34,832: INFO: main: >>>>>> stage Data Ingestion stage started <<<<<<]
[2026-01-16 15:30:34,861: INFO: common: yaml file: config\config.yaml loaded successfully]
[2026-01-16 15:30:34,890: INFO: common: yaml file: params.yaml loaded successfully]
[2026-01-16 15:30:34,891: INFO: common: created directory at: artifacts]
[2026-01-16 15:30:34,892: INFO: common: created directory at: artifacts/data_ingestion]
[2026-01-16 15:30:34,892: INFO: data_ingestion: Downloading data from https://drive.google.com/uc?id=1NzPljKM7uDBp9P1GR4rpL4-kp7hsn-ol into file artifacts/data_ingestion/data.zip]
[2026-01-16 15:30:47,040: INFO: data_ingestion: Downloaded data from https://drive.google.com/uc?id=1NzPljKM7uDBp9P1GR4rpL4-kp7hsn-ol into file artifacts/data_ingestion/data.zip]
[2026-01-16 15:30:49,867: INFO: main: >>>>>> stage Data Ingestion stage completed <<<<<<

x==========x]
[2026-01-16 15:30:49,867: INFO: main: *******************]
[2026-01-16 15:30:49,868: INFO: main: >>>>>> stage Prepare base model started <<<<<<]
[2026-01-16 15:30:49,870: INFO: common: yaml file: config\config.yaml loaded successfully]
[2026-01-16 15:30:49,871: INFO: common: yaml file: params.yaml loaded successfully]
[2026-01-16 15:30:49,871: INFO: common: created directory at: artifacts]
[2026-01-16 15:30:49,872: INFO: common: created directory at: artifacts/prepare_base_model]
[2026-01-16 15:30:50,590: WARNING: saving_utils: Compiled the loaded model, but the compiled metrics have yet to be built. `model.compile_metrics` will be empty until you train or evaluate the model.]
[2026-01-16 15:30:51,427: INFO: main: >>>>>> stage Prepare base model completed <<<<<<

x==========x]
[2026-01-16 15:30:51,428: INFO: main: *******************]
[2026-01-16 15:30:51,428: INFO: main: >>>>>> stage Training started <<<<<<]
[2026-01-16 15:30:51,431: INFO: common: yaml file: config\config.yaml loaded successfully]
[2026-01-16 15:30:51,432: INFO: common: yaml file: params.yaml loaded successfully]
[2026-01-16 15:30:51,433: INFO: common: created directory at: artifacts]
[2026-01-16 15:30:51,433: INFO: common: created directory at: artifacts\training]
[2026-01-16 15:32:51,589: INFO: main: >>>>>> stage Training completed <<<<<<

x==========x]
[2026-01-16 15:32:51,590: INFO: main: *******************]
[2026-01-16 15:32:51,590: INFO: main: >>>>>> stage Evaluation stage started <<<<<<]
[2026-01-16 15:32:51,592: INFO: common: yaml file: config\config.yaml loaded successfully]
[2026-01-16 15:32:51,593: INFO: common: yaml file: params.yaml loaded successfully]
[2026-01-16 15:32:51,594: INFO: common: created directory at: artifacts]
[2026-01-16 15:32:58,603: INFO: common: json file saved at: scores.json]
[2026-01-16 15:32:58,605: INFO: common: json file saved at: scores.json]
[2026-01-16 15:32:58,605: INFO: main: >>>>>> stage Evaluation stage completed <<<<<<

x==========x]
[2026-01-16 18:32:23,883: INFO: _internal: [31m[1mWARNING: This is a development server. Do not use it in a production deployment. Use a production WSGI server instead.[0m
 * Running on http://127.0.0.1:5050]
[2026-01-16 18:32:23,973: INFO: _internal: [33mPress CTRL+C to quit[0m]
[2026-01-16 18:32:32,253: INFO: _internal: 127.0.0.1 - - [16/Jan/2026 18:32:32] "GET / HTTP/1.1" 200 -]
[2026-01-16 18:33:41,977: INFO: _internal: 127.0.0.1 - - [16/Jan/2026 18:33:41] "GET / HTTP/1.1" 200 -]
[2026-01-16 18:34:13,761: INFO: _internal: [31m[1mWARNING: This is a development server. Do not use it in a production deployment. Use a production WSGI server instead.[0m
 * Running on http://127.0.0.1:5050]
[2026-01-16 18:34:13,762: INFO: _internal: [33mPress CTRL+C to quit[0m]
[2026-01-16 18:34:29,547: INFO: _internal: 127.0.0.1 - - [16/Jan/2026 18:34:29] "GET / HTTP/1.1" 200 -]
